main.c:80:10:Slot1	16	static
main.c:98:10:Slot2	16	static
main.c:127:5:main	8	static
main.c:215:6:HAL_TIM_PeriodElapsedCallback	16	static
main.c:233:6:SystemClock_Config	104	static
main.c:284:13:MX_I2C1_Init	8	static
main.c:318:13:MX_I2S3_Init	8	static
main.c:352:13:MX_SPI1_Init	8	static
main.c:390:13:MX_TIM3_Init	64	static
main.c:448:13:MX_TIM4_Init	64	static
main.c:506:13:MX_USART2_UART_Init	8	static
main.c:539:13:MX_USART3_UART_Init	8	static
main.c:572:13:MX_GPIO_Init	56	static
main.c:663:6:Error_Handler	4	static
